// Jest Snapshot v1, https://goo.gl/fbAQLP

exports[`TodoList component TodoList snapshot 1`] = `
<body>
  <div>
    <div
      class="MuiPaper-root MuiPaper-elevation MuiPaper-rounded MuiPaper-elevation3 css-c9vlly-MuiPaper-root"
      style="--Paper-shadow: 0px 3px 3px -2px rgba(0,0,0,0.2),0px 3px 4px 0px rgba(0,0,0,0.14),0px 1px 8px 0px rgba(0,0,0,0.12);"
    >
      <div
        class="MuiBox-root css-e3s1fk"
      >
        <button
          class="MuiButtonBase-root MuiButton-root MuiButton-text MuiButton-textPrimary MuiButton-sizeMedium MuiButton-textSizeMedium MuiButton-colorPrimary MuiButton-root MuiButton-text MuiButton-textPrimary MuiButton-sizeMedium MuiButton-textSizeMedium MuiButton-colorPrimary css-9eepxd-MuiButtonBase-root-MuiButton-root"
          tabindex="0"
          type="button"
        >
          <svg
            aria-hidden="true"
            class="MuiSvgIcon-root MuiSvgIcon-fontSizeMedium css-1les0pt-MuiSvgIcon-root"
            data-testid="KeyboardArrowDownIcon"
            focusable="false"
            viewBox="0 0 24 24"
          >
            <path
              d="M7.41 8.59 12 13.17l4.59-4.58L18 10l-6 6-6-6z"
            />
          </svg>
        </button>
        <div
          class="MuiInputBase-root MuiInput-root MuiInputBase-colorPrimary css-kb18pf-MuiInputBase-root-MuiInput-root"
          data-testid="input"
        >
          <input
            class="MuiInputBase-input MuiInput-input css-1yrc8ca-MuiInputBase-input-MuiInput-input"
            placeholder="What needs to be done?"
            style="font-family: Inter; font-size: 20px; font-weight: 100; font-style: italic;"
            type="text"
            value=""
          />
        </div>
      </div>
      <div
        class="MuiStack-root css-oc97an-MuiStack-root"
      >
        <div
          class="MuiStack-root css-rv51nl-MuiStack-root"
        >
          <span
            class="MuiButtonBase-root MuiCheckbox-root MuiCheckbox-colorPrimary MuiCheckbox-sizeMedium PrivateSwitchBase-root MuiCheckbox-root MuiCheckbox-colorPrimary MuiCheckbox-sizeMedium MuiCheckbox-root MuiCheckbox-colorPrimary MuiCheckbox-sizeMedium css-imrjgg-MuiButtonBase-root-MuiCheckbox-root"
            data-testid="checkbox"
          >
            <input
              aria-label="controlled"
              class="PrivateSwitchBase-input css-j8yymo"
              data-indeterminate="false"
              type="checkbox"
            />
            <div
              class="MuiBox-root css-mipas4"
            />
          </span>
          <div
            class="MuiInputBase-root MuiInput-root MuiInputBase-colorPrimary MuiInputBase-fullWidth css-nph5b-MuiInputBase-root-MuiInput-root"
          >
            <input
              class="MuiInputBase-input MuiInput-input css-1yrc8ca-MuiInputBase-input-MuiInput-input"
              type="text"
              value="Test task"
            />
          </div>
          <button
            class="MuiButtonBase-root MuiButton-root MuiButton-text MuiButton-textPrimary MuiButton-sizeMedium MuiButton-textSizeMedium MuiButton-colorPrimary MuiButton-root MuiButton-text MuiButton-textPrimary MuiButton-sizeMedium MuiButton-textSizeMedium MuiButton-colorPrimary css-1588512-MuiButtonBase-root-MuiButton-root"
            tabindex="0"
            type="button"
          >
            <svg
              aria-hidden="true"
              class="MuiSvgIcon-root MuiSvgIcon-fontSizeMedium css-qzfqa9-MuiSvgIcon-root"
              data-testid="DeleteIcon"
              focusable="false"
              viewBox="0 0 24 24"
            >
              <path
                d="M6 19c0 1.1.9 2 2 2h8c1.1 0 2-.9 2-2V7H6zM19 4h-3.5l-1-1h-5l-1 1H5v2h14z"
              />
            </svg>
          </button>
        </div>
        <div
          class="MuiStack-root css-rv51nl-MuiStack-root"
        >
          <span
            class="MuiButtonBase-root MuiCheckbox-root MuiCheckbox-colorPrimary MuiCheckbox-sizeMedium PrivateSwitchBase-root MuiCheckbox-root MuiCheckbox-colorPrimary MuiCheckbox-sizeMedium MuiCheckbox-root MuiCheckbox-colorPrimary MuiCheckbox-sizeMedium css-imrjgg-MuiButtonBase-root-MuiCheckbox-root"
            data-testid="checkbox"
          >
            <input
              aria-label="controlled"
              class="PrivateSwitchBase-input css-j8yymo"
              data-indeterminate="false"
              type="checkbox"
            />
            <div
              class="MuiBox-root css-mipas4"
            />
          </span>
          <div
            class="MuiInputBase-root MuiInput-root MuiInputBase-colorPrimary MuiInputBase-fullWidth css-nph5b-MuiInputBase-root-MuiInput-root"
          >
            <input
              class="MuiInputBase-input MuiInput-input css-1yrc8ca-MuiInputBase-input-MuiInput-input"
              type="text"
              value="Create code"
            />
          </div>
          <button
            class="MuiButtonBase-root MuiButton-root MuiButton-text MuiButton-textPrimary MuiButton-sizeMedium MuiButton-textSizeMedium MuiButton-colorPrimary MuiButton-root MuiButton-text MuiButton-textPrimary MuiButton-sizeMedium MuiButton-textSizeMedium MuiButton-colorPrimary css-1588512-MuiButtonBase-root-MuiButton-root"
            tabindex="0"
            type="button"
          >
            <svg
              aria-hidden="true"
              class="MuiSvgIcon-root MuiSvgIcon-fontSizeMedium css-qzfqa9-MuiSvgIcon-root"
              data-testid="DeleteIcon"
              focusable="false"
              viewBox="0 0 24 24"
            >
              <path
                d="M6 19c0 1.1.9 2 2 2h8c1.1 0 2-.9 2-2V7H6zM19 4h-3.5l-1-1h-5l-1 1H5v2h14z"
              />
            </svg>
          </button>
        </div>
        <div
          class="MuiStack-root css-rv51nl-MuiStack-root"
        >
          <span
            class="MuiButtonBase-root MuiCheckbox-root MuiCheckbox-colorPrimary MuiCheckbox-sizeMedium PrivateSwitchBase-root MuiCheckbox-root MuiCheckbox-colorPrimary MuiCheckbox-sizeMedium Mui-checked MuiCheckbox-root MuiCheckbox-colorPrimary MuiCheckbox-sizeMedium css-imrjgg-MuiButtonBase-root-MuiCheckbox-root"
            data-testid="checkbox"
          >
            <input
              aria-label="controlled"
              checked=""
              class="PrivateSwitchBase-input css-j8yymo"
              data-indeterminate="false"
              type="checkbox"
            />
            <div
              class="MuiBox-root css-s5ogrw"
            >
              <svg
                aria-hidden="true"
                class="MuiSvgIcon-root MuiSvgIcon-fontSizeMedium css-fdw446-MuiSvgIcon-root"
                data-testid="DoneIcon"
                focusable="false"
                viewBox="0 0 24 24"
              >
                <path
                  d="M9 16.2 4.8 12l-1.4 1.4L9 19 21 7l-1.4-1.4z"
                />
              </svg>
            </div>
          </span>
          <div
            class="MuiInputBase-root MuiInput-root MuiInputBase-colorPrimary Mui-disabled MuiInputBase-fullWidth css-aw0522-MuiInputBase-root-MuiInput-root"
          >
            <input
              class="MuiInputBase-input MuiInput-input Mui-disabled css-1yrc8ca-MuiInputBase-input-MuiInput-input"
              disabled=""
              type="text"
              value="Testing code"
            />
          </div>
          <button
            class="MuiButtonBase-root MuiButton-root MuiButton-text MuiButton-textPrimary MuiButton-sizeMedium MuiButton-textSizeMedium MuiButton-colorPrimary MuiButton-root MuiButton-text MuiButton-textPrimary MuiButton-sizeMedium MuiButton-textSizeMedium MuiButton-colorPrimary css-1588512-MuiButtonBase-root-MuiButton-root"
            tabindex="0"
            type="button"
          >
            <svg
              aria-hidden="true"
              class="MuiSvgIcon-root MuiSvgIcon-fontSizeMedium css-qzfqa9-MuiSvgIcon-root"
              data-testid="DeleteIcon"
              focusable="false"
              viewBox="0 0 24 24"
            >
              <path
                d="M6 19c0 1.1.9 2 2 2h8c1.1 0 2-.9 2-2V7H6zM19 4h-3.5l-1-1h-5l-1 1H5v2h14z"
              />
            </svg>
          </button>
        </div>
      </div>
      <footer
        class="MuiStack-root css-u3o20w-MuiStack-root"
      >
        <span
          class="MuiBox-root css-43cqvf"
        >
          2
           items left
        </span>
        <div
          class="MuiStack-root css-7owdng-MuiStack-root"
        >
          <button
            class="MuiButtonBase-root MuiButton-root MuiButton-text MuiButton-textPrimary MuiButton-sizeMedium MuiButton-textSizeMedium MuiButton-colorPrimary MuiButton-root MuiButton-text MuiButton-textPrimary MuiButton-sizeMedium MuiButton-textSizeMedium MuiButton-colorPrimary css-a6of9r-MuiButtonBase-root-MuiButton-root"
            tabindex="0"
            type="button"
          >
            All
          </button>
          <button
            class="MuiButtonBase-root MuiButton-root MuiButton-text MuiButton-textPrimary MuiButton-sizeMedium MuiButton-textSizeMedium MuiButton-colorPrimary MuiButton-root MuiButton-text MuiButton-textPrimary MuiButton-sizeMedium MuiButton-textSizeMedium MuiButton-colorPrimary css-104zis2-MuiButtonBase-root-MuiButton-root"
            tabindex="0"
            type="button"
          >
            Active
          </button>
          <button
            class="MuiButtonBase-root MuiButton-root MuiButton-text MuiButton-textPrimary MuiButton-sizeMedium MuiButton-textSizeMedium MuiButton-colorPrimary MuiButton-root MuiButton-text MuiButton-textPrimary MuiButton-sizeMedium MuiButton-textSizeMedium MuiButton-colorPrimary css-104zis2-MuiButtonBase-root-MuiButton-root"
            tabindex="0"
            type="button"
          >
            Completed
          </button>
        </div>
        <button
          class="MuiButtonBase-root MuiButton-root MuiButton-text MuiButton-textPrimary MuiButton-sizeMedium MuiButton-textSizeMedium MuiButton-colorPrimary MuiButton-root MuiButton-text MuiButton-textPrimary MuiButton-sizeMedium MuiButton-textSizeMedium MuiButton-colorPrimary css-qvkudh-MuiButtonBase-root-MuiButton-root"
          tabindex="0"
          type="button"
        >
          Clear 
          Completed
        </button>
      </footer>
    </div>
    <div
      class="MuiBox-root css-1lio3o0"
    />
    <div
      class="MuiBox-root css-s08ci9"
    />
  </div>
</body>
`;
